targets=391  seeds=10  regimes=2  total runs=7820
already done=0  to run=7820  workers=6
  50/7820 runs  1.6 min elapsed  0.53 runs/s  ETA 246.3 min
  100/7820 runs  3.8 min elapsed  0.44 runs/s  ETA 295.1 min
  150/7820 runs  4.7 min elapsed  0.53 runs/s  ETA 242.6 min
  200/7820 runs  5.2 min elapsed  0.64 runs/s  ETA 198.2 min
  250/7820 runs  6.0 min elapsed  0.69 runs/s  ETA 182.2 min
  300/7820 runs  7.2 min elapsed  0.69 runs/s  ETA 181.2 min
  350/7820 runs  8.5 min elapsed  0.69 runs/s  ETA 180.8 min
  400/7820 runs  9.6 min elapsed  0.70 runs/s  ETA 177.8 min
  450/7820 runs  10.5 min elapsed  0.71 runs/s  ETA 171.9 min
  500/7820 runs  11.4 min elapsed  0.73 runs/s  ETA 166.5 min
  550/7820 runs  12.3 min elapsed  0.75 runs/s  ETA 162.5 min
  600/7820 runs  13.3 min elapsed  0.75 runs/s  ETA 160.2 min
  650/7820 runs  14.6 min elapsed  0.74 runs/s  ETA 161.0 min
  700/7820 runs  15.9 min elapsed  0.73 runs/s  ETA 161.5 min
  750/7820 runs  18.7 min elapsed  0.67 runs/s  ETA 175.9 min
  800/7820 runs  20.6 min elapsed  0.65 runs/s  ETA 180.7 min
  850/7820 runs  22.2 min elapsed  0.64 runs/s  ETA 182.3 min
  900/7820 runs  24.0 min elapsed  0.63 runs/s  ETA 184.2 min
  950/7820 runs  27.6 min elapsed  0.57 runs/s  ETA 199.8 min
  1000/7820 runs  28.9 min elapsed  0.58 runs/s  ETA 197.2 min
  1050/7820 runs  30.0 min elapsed  0.58 runs/s  ETA 193.5 min
  1100/7820 runs  30.8 min elapsed  0.59 runs/s  ETA 188.4 min
  1150/7820 runs  32.4 min elapsed  0.59 runs/s  ETA 188.1 min
  1200/7820 runs  33.8 min elapsed  0.59 runs/s  ETA 186.6 min
  1250/7820 runs  37.0 min elapsed  0.56 runs/s  ETA 194.7 min
  1300/7820 runs  39.5 min elapsed  0.55 runs/s  ETA 197.9 min
  1350/7820 runs  41.0 min elapsed  0.55 runs/s  ETA 196.3 min
  1400/7820 runs  43.7 min elapsed  0.53 runs/s  ETA 200.5 min
  1450/7820 runs  46.1 min elapsed  0.52 runs/s  ETA 202.7 min
  1500/7820 runs  47.8 min elapsed  0.52 runs/s  ETA 201.2 min
  1550/7820 runs  51.1 min elapsed  0.51 runs/s  ETA 206.7 min
  1600/7820 runs  53.8 min elapsed  0.50 runs/s  ETA 209.1 min
  1650/7820 runs  56.3 min elapsed  0.49 runs/s  ETA 210.4 min
  1700/7820 runs  59.6 min elapsed  0.48 runs/s  ETA 214.4 min
  1750/7820 runs  61.7 min elapsed  0.47 runs/s  ETA 213.9 min
  1800/7820 runs  63.3 min elapsed  0.47 runs/s  ETA 211.8 min
  1850/7820 runs  65.9 min elapsed  0.47 runs/s  ETA 212.7 min
  1900/7820 runs  68.8 min elapsed  0.46 runs/s  ETA 214.4 min
  1950/7820 runs  71.6 min elapsed  0.45 runs/s  ETA 215.4 min
  2000/7820 runs  73.8 min elapsed  0.45 runs/s  ETA 214.9 min
  2050/7820 runs  77.1 min elapsed  0.44 runs/s  ETA 217.0 min
  2100/7820 runs  79.7 min elapsed  0.44 runs/s  ETA 217.2 min
  2150/7820 runs  85.3 min elapsed  0.42 runs/s  ETA 224.8 min
  2200/7820 runs  88.0 min elapsed  0.42 runs/s  ETA 224.8 min
  2250/7820 runs  92.0 min elapsed  0.41 runs/s  ETA 227.9 min
  2300/7820 runs  96.6 min elapsed  0.40 runs/s  ETA 231.9 min
  2350/7820 runs  99.1 min elapsed  0.40 runs/s  ETA 230.8 min
  2400/7820 runs  104.1 min elapsed  0.38 runs/s  ETA 235.0 min
  2450/7820 runs  107.0 min elapsed  0.38 runs/s  ETA 234.6 min
  2500/7820 runs  110.4 min elapsed  0.38 runs/s  ETA 234.9 min
  2550/7820 runs  113.3 min elapsed  0.38 runs/s  ETA 234.1 min
  2600/7820 runs  116.8 min elapsed  0.37 runs/s  ETA 234.5 min
  2650/7820 runs  119.8 min elapsed  0.37 runs/s  ETA 233.7 min
  2700/7820 runs  122.1 min elapsed  0.37 runs/s  ETA 231.5 min
  2750/7820 runs  125.5 min elapsed  0.37 runs/s  ETA 231.4 min
  2800/7820 runs  127.8 min elapsed  0.37 runs/s  ETA 229.2 min
  2850/7820 runs  133.6 min elapsed  0.36 runs/s  ETA 232.9 min
  2900/7820 runs  136.0 min elapsed  0.36 runs/s  ETA 230.7 min
  2950/7820 runs  139.1 min elapsed  0.35 runs/s  ETA 229.7 min
  3000/7820 runs  144.3 min elapsed  0.35 runs/s  ETA 231.8 min
  3050/7820 runs  147.9 min elapsed  0.34 runs/s  ETA 231.3 min
  3100/7820 runs  151.2 min elapsed  0.34 runs/s  ETA 230.2 min
  3150/7820 runs  153.6 min elapsed  0.34 runs/s  ETA 227.7 min
  3200/7820 runs  156.3 min elapsed  0.34 runs/s  ETA 225.6 min
  3250/7820 runs  159.3 min elapsed  0.34 runs/s  ETA 224.0 min
  3300/7820 runs  162.4 min elapsed  0.34 runs/s  ETA 222.5 min
  3350/7820 runs  164.5 min elapsed  0.34 runs/s  ETA 219.6 min
  3400/7820 runs  167.7 min elapsed  0.34 runs/s  ETA 218.0 min
  3450/7820 runs  170.8 min elapsed  0.34 runs/s  ETA 216.4 min
  3500/7820 runs  173.0 min elapsed  0.34 runs/s  ETA 213.5 min
  3550/7820 runs  175.6 min elapsed  0.34 runs/s  ETA 211.2 min
  3600/7820 runs  178.4 min elapsed  0.34 runs/s  ETA 209.1 min
  3650/7820 runs  182.4 min elapsed  0.33 runs/s  ETA 208.3 min
  3700/7820 runs  186.5 min elapsed  0.33 runs/s  ETA 207.7 min
  3750/7820 runs  191.0 min elapsed  0.33 runs/s  ETA 207.3 min
  3800/7820 runs  195.4 min elapsed  0.32 runs/s  ETA 206.7 min
  3850/7820 runs  199.1 min elapsed  0.32 runs/s  ETA 205.3 min
  3900/7820 runs  202.1 min elapsed  0.32 runs/s  ETA 203.1 min
  3950/7820 runs  205.2 min elapsed  0.32 runs/s  ETA 201.0 min
  4000/7820 runs  208.8 min elapsed  0.32 runs/s  ETA 199.4 min
  4050/7820 runs  212.5 min elapsed  0.32 runs/s  ETA 197.8 min
  4100/7820 runs  215.8 min elapsed  0.32 runs/s  ETA 195.8 min
  4150/7820 runs  222.4 min elapsed  0.31 runs/s  ETA 196.7 min
  4200/7820 runs  226.0 min elapsed  0.31 runs/s  ETA 194.8 min
  4250/7820 runs  229.2 min elapsed  0.31 runs/s  ETA 192.5 min
  4300/7820 runs  233.7 min elapsed  0.31 runs/s  ETA 191.3 min
  4350/7820 runs  237.8 min elapsed  0.30 runs/s  ETA 189.7 min
  4400/7820 runs  241.0 min elapsed  0.30 runs/s  ETA 187.4 min
  4450/7820 runs  243.7 min elapsed  0.30 runs/s  ETA 184.6 min
  4500/7820 runs  246.6 min elapsed  0.30 runs/s  ETA 182.0 min
  4550/7820 runs  250.7 min elapsed  0.30 runs/s  ETA 180.2 min
  4600/7820 runs  256.0 min elapsed  0.30 runs/s  ETA 179.2 min
  4650/7820 runs  259.8 min elapsed  0.30 runs/s  ETA 177.1 min
  4700/7820 runs  262.4 min elapsed  0.30 runs/s  ETA 174.2 min
  4750/7820 runs  265.6 min elapsed  0.30 runs/s  ETA 171.6 min
  4800/7820 runs  269.4 min elapsed  0.30 runs/s  ETA 169.5 min
  4850/7820 runs  272.2 min elapsed  0.30 runs/s  ETA 166.7 min
  4900/7820 runs  275.2 min elapsed  0.30 runs/s  ETA 164.0 min
  4950/7820 runs  278.7 min elapsed  0.30 runs/s  ETA 161.6 min
  5000/7820 runs  282.4 min elapsed  0.30 runs/s  ETA 159.3 min
  5050/7820 runs  285.7 min elapsed  0.29 runs/s  ETA 156.7 min
  5100/7820 runs  288.8 min elapsed  0.29 runs/s  ETA 154.0 min
  5150/7820 runs  292.1 min elapsed  0.29 runs/s  ETA 151.4 min
  5200/7820 runs  295.4 min elapsed  0.29 runs/s  ETA 148.8 min
  5250/7820 runs  298.8 min elapsed  0.29 runs/s  ETA 146.2 min
  5300/7820 runs  302.6 min elapsed  0.29 runs/s  ETA 143.9 min
  5350/7820 runs  305.6 min elapsed  0.29 runs/s  ETA 141.1 min
  5400/7820 runs  308.7 min elapsed  0.29 runs/s  ETA 138.3 min
  5450/7820 runs  311.7 min elapsed  0.29 runs/s  ETA 135.6 min
  5500/7820 runs  313.9 min elapsed  0.29 runs/s  ETA 132.4 min
  5550/7820 runs  318.8 min elapsed  0.29 runs/s  ETA 130.4 min
  5600/7820 runs  323.3 min elapsed  0.29 runs/s  ETA 128.2 min
  5650/7820 runs  326.7 min elapsed  0.29 runs/s  ETA 125.5 min
  5700/7820 runs  330.5 min elapsed  0.29 runs/s  ETA 122.9 min
  5750/7820 runs  334.3 min elapsed  0.29 runs/s  ETA 120.4 min
  5800/7820 runs  337.6 min elapsed  0.29 runs/s  ETA 117.6 min
  5850/7820 runs  341.1 min elapsed  0.29 runs/s  ETA 114.9 min
  5900/7820 runs  344.1 min elapsed  0.29 runs/s  ETA 112.0 min
  5950/7820 runs  348.4 min elapsed  0.28 runs/s  ETA 109.5 min
  6000/7820 runs  352.3 min elapsed  0.28 runs/s  ETA 106.9 min
  6050/7820 runs  355.6 min elapsed  0.28 runs/s  ETA 104.0 min
  6100/7820 runs  358.7 min elapsed  0.28 runs/s  ETA 101.2 min
  6150/7820 runs  362.2 min elapsed  0.28 runs/s  ETA 98.3 min
  6200/7820 runs  367.0 min elapsed  0.28 runs/s  ETA 95.9 min
  6250/7820 runs  370.7 min elapsed  0.28 runs/s  ETA 93.1 min
  6300/7820 runs  374.0 min elapsed  0.28 runs/s  ETA 90.2 min
  6350/7820 runs  377.4 min elapsed  0.28 runs/s  ETA 87.4 min
  6400/7820 runs  381.2 min elapsed  0.28 runs/s  ETA 84.6 min
  6450/7820 runs  384.9 min elapsed  0.28 runs/s  ETA 81.8 min
  6500/7820 runs  388.3 min elapsed  0.28 runs/s  ETA 78.9 min
  6550/7820 runs  392.0 min elapsed  0.28 runs/s  ETA 76.0 min
  6600/7820 runs  395.3 min elapsed  0.28 runs/s  ETA 73.1 min
  6650/7820 runs  398.0 min elapsed  0.28 runs/s  ETA 70.0 min
  6700/7820 runs  401.7 min elapsed  0.28 runs/s  ETA 67.1 min
  6750/7820 runs  405.5 min elapsed  0.28 runs/s  ETA 64.3 min
  6800/7820 runs  409.0 min elapsed  0.28 runs/s  ETA 61.3 min
  6850/7820 runs  413.3 min elapsed  0.28 runs/s  ETA 58.5 min
  6900/7820 runs  416.9 min elapsed  0.28 runs/s  ETA 55.6 min
  6950/7820 runs  420.8 min elapsed  0.28 runs/s  ETA 52.7 min
  7000/7820 runs  423.4 min elapsed  0.28 runs/s  ETA 49.6 min
  7050/7820 runs  426.1 min elapsed  0.28 runs/s  ETA 46.5 min
  7100/7820 runs  430.3 min elapsed  0.27 runs/s  ETA 43.6 min
  7150/7820 runs  433.9 min elapsed  0.27 runs/s  ETA 40.7 min
  7200/7820 runs  437.4 min elapsed  0.27 runs/s  ETA 37.7 min
  7250/7820 runs  442.5 min elapsed  0.27 runs/s  ETA 34.8 min
  7300/7820 runs  446.1 min elapsed  0.27 runs/s  ETA 31.8 min
  7350/7820 runs  450.9 min elapsed  0.27 runs/s  ETA 28.8 min
  7400/7820 runs  453.9 min elapsed  0.27 runs/s  ETA 25.8 min
  7450/7820 runs  457.4 min elapsed  0.27 runs/s  ETA 22.7 min
  7500/7820 runs  460.9 min elapsed  0.27 runs/s  ETA 19.7 min
  7550/7820 runs  464.8 min elapsed  0.27 runs/s  ETA 16.6 min
  7600/7820 runs  467.7 min elapsed  0.27 runs/s  ETA 13.5 min
  7650/7820 runs  472.5 min elapsed  0.27 runs/s  ETA 10.5 min
  7700/7820 runs  476.3 min elapsed  0.27 runs/s  ETA 7.4 min
  7750/7820 runs  478.7 min elapsed  0.27 runs/s  ETA 4.3 min
  7800/7820 runs  482.4 min elapsed  0.27 runs/s  ETA 1.2 min
  7820/7820 runs  484.1 min elapsed  0.27 runs/s  ETA 0.0 min
done in 484.1 min -> /Users/hkbh/Projects/EML GP/results/synthetic_dense_k/synthetic_runs.csv
targets=43  seeds=10  regimes=2  total runs=860
already done=0  to run=860  workers=6
  50/860 runs  1.2 min elapsed  0.70 runs/s  ETA 19.3 min
  100/860 runs  3.1 min elapsed  0.54 runs/s  ETA 23.5 min
  150/860 runs  7.2 min elapsed  0.35 runs/s  ETA 34.1 min
  200/860 runs  10.7 min elapsed  0.31 runs/s  ETA 35.4 min
  250/860 runs  13.9 min elapsed  0.30 runs/s  ETA 34.0 min
  300/860 runs  17.5 min elapsed  0.29 runs/s  ETA 32.7 min
  350/860 runs  22.3 min elapsed  0.26 runs/s  ETA 32.6 min
  400/860 runs  25.8 min elapsed  0.26 runs/s  ETA 29.7 min
  450/860 runs  29.7 min elapsed  0.25 runs/s  ETA 27.1 min
  500/860 runs  32.6 min elapsed  0.26 runs/s  ETA 23.5 min
  550/860 runs  34.4 min elapsed  0.27 runs/s  ETA 19.4 min
  600/860 runs  38.1 min elapsed  0.26 runs/s  ETA 16.5 min
  650/860 runs  40.5 min elapsed  0.27 runs/s  ETA 13.1 min
  700/860 runs  43.8 min elapsed  0.27 runs/s  ETA 10.0 min
  750/860 runs  48.5 min elapsed  0.26 runs/s  ETA 7.1 min
  800/860 runs  51.1 min elapsed  0.26 runs/s  ETA 3.8 min
  850/860 runs  54.5 min elapsed  0.26 runs/s  ETA 0.6 min
  860/860 runs  55.6 min elapsed  0.26 runs/s  ETA 0.0 min
done in 55.6 min -> /Users/hkbh/Projects/EML GP/results/synthetic_dense_k/synthetic_runs_rigid_oversample.csv
