
[2026-05-09 21:08:26.388874] Starting Grid Search...
Combinations: 3 x 3 = 9
Runs per combination: 30  |  Seeds: deterministic from seeds.py
Total subprocess launches: 6480


============================================================
Combination 1/9: Generations=100, Population=100
============================================================
  [Gen:100 Pop:100] Run 1/30  seed=128182595...  [21:08:26]
  [Gen:100 Pop:100] Run 2/30  seed=1845143962...  [21:10:56]
  [Gen:100 Pop:100] Run 3/30  seed=1683375127...  [21:21:49]
  [Gen:100 Pop:100] Run 4/30  seed=893706906...  [21:26:44]
  [Gen:100 Pop:100] Run 5/30  seed=1753007184...  [21:31:38]
  [Gen:100 Pop:100] Run 6/30  seed=2107424273...  [21:37:12]
  [Gen:100 Pop:100] Run 7/30  seed=418825361...  [21:44:57]
  [Gen:100 Pop:100] Run 8/30  seed=215858185...  [21:49:11]
  [Gen:100 Pop:100] Run 9/30  seed=449904892...  [21:54:21]
  [Gen:100 Pop:100] Run 10/30  seed=1667643188...  [21:58:55]
  [Gen:100 Pop:100] Run 11/30  seed=1307448051...  [22:03:43]
  [Gen:100 Pop:100] Run 12/30  seed=652766660...  [22:10:58]
  [Gen:100 Pop:100] Run 13/30  seed=18993484...  [22:18:27]
  [Gen:100 Pop:100] Run 14/30  seed=302661985...  [22:22:58]
  [Gen:100 Pop:100] Run 15/30  seed=184974024...  [22:26:46]
  [Gen:100 Pop:100] Run 16/30  seed=626207371...  [22:31:13]
  [Gen:100 Pop:100] Run 17/30  seed=861081153...  [22:40:13]
  [Gen:100 Pop:100] Run 18/30  seed=546657988...  [22:44:28]
  [Gen:100 Pop:100] Run 19/30  seed=2067116796...  [22:48:24]
  [Gen:100 Pop:100] Run 20/30  seed=1712897681...  [22:53:46]
  [Gen:100 Pop:100] Run 21/30  seed=639565575...  [22:57:47]
  [Gen:100 Pop:100] Run 22/30  seed=1998980237...  [23:00:46]
  [Gen:100 Pop:100] Run 23/30  seed=1970329140...  [23:05:04]
  [Gen:100 Pop:100] Run 24/30  seed=1097259117...  [23:09:01]
  [Gen:100 Pop:100] Run 25/30  seed=1694937414...  [23:13:21]
  [Gen:100 Pop:100] Run 26/30  seed=1920334965...  [23:17:31]
  [Gen:100 Pop:100] Run 27/30  seed=1149752681...  [23:21:55]
  [Gen:100 Pop:100] Run 28/30  seed=957201023...  [23:25:44]
  [Gen:100 Pop:100] Run 29/30  seed=582045522...  [23:29:25]
  [Gen:100 Pop:100] Run 30/30  seed=1638104225...  [23:32:49]
  --> Statistics for Combination 1 (Gen:100, Pop:100)...

============================================================
Combination 2/9: Generations=100, Population=200
============================================================
  [Gen:100 Pop:200] Run 1/30  seed=128182595...  [23:36:18]
  [Gen:100 Pop:200] Run 2/30  seed=1845143962...  [23:44:02]
  [Gen:100 Pop:200] Run 3/30  seed=1683375127...  [23:52:56]
  [Gen:100 Pop:200] Run 4/30  seed=893706906...  [00:01:50]
  [Gen:100 Pop:200] Run 5/30  seed=1753007184...  [00:09:55]
  [Gen:100 Pop:200] Run 6/30  seed=2107424273...  [00:20:16]
  [Gen:100 Pop:200] Run 7/30  seed=418825361...  [00:29:45]
  [Gen:100 Pop:200] Run 8/30  seed=215858185...  [00:38:06]
  [Gen:100 Pop:200] Run 9/30  seed=449904892...  [00:45:57]
  [Gen:100 Pop:200] Run 10/30  seed=1667643188...  [00:54:12]
  [Gen:100 Pop:200] Run 11/30  seed=1307448051...  [01:01:47]
  [Gen:100 Pop:200] Run 12/30  seed=652766660...  [01:16:25]
  [Gen:100 Pop:200] Run 13/30  seed=18993484...  [01:26:28]
  [Gen:100 Pop:200] Run 14/30  seed=302661985...  [01:35:11]
  [Gen:100 Pop:200] Run 15/30  seed=184974024...  [01:47:09]
  [Gen:100 Pop:200] Run 16/30  seed=626207371...  [01:54:52]
  [Gen:100 Pop:200] Run 17/30  seed=861081153...  [02:01:33]
  [Gen:100 Pop:200] Run 18/30  seed=546657988...  [02:09:57]
  [Gen:100 Pop:200] Run 19/30  seed=2067116796...  [02:22:57]
  [Gen:100 Pop:200] Run 20/30  seed=1712897681...  [02:30:58]
  [Gen:100 Pop:200] Run 21/30  seed=639565575...  [02:40:02]
  [Gen:100 Pop:200] Run 22/30  seed=1998980237...  [02:51:55]
  [Gen:100 Pop:200] Run 23/30  seed=1970329140...  [03:00:52]
  [Gen:100 Pop:200] Run 24/30  seed=1097259117...  [03:08:27]
  [Gen:100 Pop:200] Run 25/30  seed=1694937414...  [03:16:26]
  [Gen:100 Pop:200] Run 26/30  seed=1920334965...  [03:23:48]
  [Gen:100 Pop:200] Run 27/30  seed=1149752681...  [03:31:26]
  [Gen:100 Pop:200] Run 28/30  seed=957201023...  [03:40:58]
  [Gen:100 Pop:200] Run 29/30  seed=582045522...  [03:49:50]
  [Gen:100 Pop:200] Run 30/30  seed=1638104225...  [03:57:07]
  --> Statistics for Combination 2 (Gen:100, Pop:200)...

============================================================
Combination 3/9: Generations=100, Population=500
============================================================
  [Gen:100 Pop:500] Run 1/30  seed=128182595...  [04:04:18]
  [Gen:100 Pop:500] Run 2/30  seed=1845143962...  [04:22:16]
  [Gen:100 Pop:500] Run 3/30  seed=1683375127...  [04:41:06]
  [Gen:100 Pop:500] Run 4/30  seed=893706906...  [04:57:11]
  [Gen:100 Pop:500] Run 5/30  seed=1753007184...  [05:13:20]
  [Gen:100 Pop:500] Run 6/30  seed=2107424273...  [05:28:59]
  [Gen:100 Pop:500] Run 7/30  seed=418825361...  [05:44:44]
  [Gen:100 Pop:500] Run 8/30  seed=215858185...  [06:01:00]
  [Gen:100 Pop:500] Run 9/30  seed=449904892...  [06:18:45]
  [Gen:100 Pop:500] Run 10/30  seed=1667643188...  [06:35:28]
  [Gen:100 Pop:500] Run 11/30  seed=1307448051...  [06:53:23]
  [Gen:100 Pop:500] Run 12/30  seed=652766660...  [07:10:23]
  [Gen:100 Pop:500] Run 13/30  seed=18993484...  [07:25:01]
  [Gen:100 Pop:500] Run 14/30  seed=302661985...  [07:44:38]
  [Gen:100 Pop:500] Run 15/30  seed=184974024...  [08:01:11]
  [Gen:100 Pop:500] Run 16/30  seed=626207371...  [08:18:48]
  [Gen:100 Pop:500] Run 17/30  seed=861081153...  [08:36:56]
  [Gen:100 Pop:500] Run 18/30  seed=546657988...  [08:56:06]
  [Gen:100 Pop:500] Run 19/30  seed=2067116796...  [09:12:07]
  [Gen:100 Pop:500] Run 20/30  seed=1712897681...  [09:28:24]
  [Gen:100 Pop:500] Run 21/30  seed=639565575...  [09:42:54]
  [Gen:100 Pop:500] Run 22/30  seed=1998980237...  [09:59:51]
  [Gen:100 Pop:500] Run 23/30  seed=1970329140...  [10:16:05]
  [Gen:100 Pop:500] Run 24/30  seed=1097259117...  [10:33:53]
  [Gen:100 Pop:500] Run 25/30  seed=1694937414...  [10:48:38]
  [Gen:100 Pop:500] Run 26/30  seed=1920334965...  [11:05:11]
  [Gen:100 Pop:500] Run 27/30  seed=1149752681...  [11:22:55]
  [Gen:100 Pop:500] Run 28/30  seed=957201023...  [11:39:11]
  [Gen:100 Pop:500] Run 29/30  seed=582045522...  [11:56:23]
  [Gen:100 Pop:500] Run 30/30  seed=1638104225...  [12:13:37]
  --> Statistics for Combination 3 (Gen:100, Pop:500)...

============================================================
Combination 4/9: Generations=200, Population=100
============================================================
  [Gen:200 Pop:100] Run 1/30  seed=128182595...  [12:29:47]
  [Gen:200 Pop:100] Run 2/30  seed=1845143962...  [12:36:37]
  [Gen:200 Pop:100] Run 3/30  seed=1683375127...  [12:49:00]
  [Gen:200 Pop:100] Run 4/30  seed=893706906...  [12:57:28]
  [Gen:200 Pop:100] Run 5/30  seed=1753007184...  [13:05:39]
  [Gen:200 Pop:100] Run 6/30  seed=2107424273...  [13:15:09]
  [Gen:200 Pop:100] Run 7/30  seed=418825361...  [13:26:52]
  [Gen:200 Pop:100] Run 8/30  seed=215858185...  [13:32:34]
  [Gen:200 Pop:100] Run 9/30  seed=449904892...  [13:40:30]
  [Gen:200 Pop:100] Run 10/30  seed=1667643188...  [13:46:54]
  [Gen:200 Pop:100] Run 11/30  seed=1307448051...  [13:53:54]
  [Gen:200 Pop:100] Run 12/30  seed=652766660...  [14:05:54]
  [Gen:200 Pop:100] Run 13/30  seed=18993484...  [14:17:25]
  [Gen:200 Pop:100] Run 14/30  seed=302661985...  [14:25:28]
  [Gen:200 Pop:100] Run 15/30  seed=184974024...  [14:31:57]
  [Gen:200 Pop:100] Run 16/30  seed=626207371...  [14:38:21]
  [Gen:200 Pop:100] Run 17/30  seed=861081153...  [14:50:40]
  [Gen:200 Pop:100] Run 18/30  seed=546657988...  [14:58:35]
  [Gen:200 Pop:100] Run 19/30  seed=2067116796...  [15:05:33]
  [Gen:200 Pop:100] Run 20/30  seed=1712897681...  [15:14:40]
  [Gen:200 Pop:100] Run 21/30  seed=639565575...  [15:21:26]
  [Gen:200 Pop:100] Run 22/30  seed=1998980237...  [15:28:00]
  [Gen:200 Pop:100] Run 23/30  seed=1970329140...  [15:36:48]
  [Gen:200 Pop:100] Run 24/30  seed=1097259117...  [15:45:59]
  [Gen:200 Pop:100] Run 25/30  seed=1694937414...  [15:55:34]
  [Gen:200 Pop:100] Run 26/30  seed=1920334965...  [16:05:21]
  [Gen:200 Pop:100] Run 27/30  seed=1149752681...  [16:20:25]
